10010000110100100101100011101010100100001100101011100100110010111010010101
10010000110100100101100011101010100100001100101011100100110010111010010101